2026-06-25 06:45:35.884  8792-8792  Zygote                  zygote64                             I  Process 8792 created for com.example.caranc
2026-06-25 06:45:35.885  8792-8792  .example.caranc         zygote64                             I  Late-enabling -Xcheck:jni
2026-06-25 06:45:35.900  8792-8792  .example.caranc         zygote64                             I  Using generational CollectorTypeCMC GC.
---------------------------- PROCESS STARTED (8792) for package com.example.caranc ----------------------------
2026-06-25 06:45:35.908  8792-8792  nativeloader            com.example.caranc                   D  Load libframework-connectivity-tiramisu-jni.so using APEX ns com_android_tethering for caller /apex/com.android.tethering/javalib/framework-connectivity-t.jar: ok
2026-06-25 06:45:35.918  3761-3771  ewbr                    com...oglequicksearchbox:interactor  I  HDM. appOpsListener android:record_audio com.example.caranc
2026-06-25 06:45:35.918  3761-3771  ewbr                    com...oglequicksearchbox:interactor  I  HDM. Ignoring irrelevant audio permission changes for package com.example.caranc
2026-06-25 06:45:35.919  8792-8792  nativeloader            com.example.caranc                   D  Load /data/user/0/com.example.caranc/code_cache/startup_agents/c52d6b25-agent.so using system ns (caller=<unknown>): ok
2026-06-25 06:45:35.916  8792-8792  re-initialized>         com.example.caranc                   W  type=1400 audit(0.0:23968): avc:  granted  { execute } for  path="/data/data/com.example.caranc/code_cache/startup_agents/c52d6b25-agent.so" dev="dm-81" ino=934287 scontext=u:r:untrusted_app_34:s0:c23,c258,c512,c768 tcontext=u:object_r:app_data_file:s0:c23,c258,c512,c768 tclass=file app=com.example.caranc
2026-06-25 06:45:35.922  8792-8792  .example.caranc         com.example.caranc                   W  hiddenapi: DexFile /data/data/com.example.caranc/code_cache/.studio/instruments-9dbd448e.jar is in boot class path but is not in a known location
2026-06-25 06:45:35.997  8792-8792  .example.caranc         com.example.caranc                   W  Redefining intrinsic method java.lang.Thread java.lang.Thread.currentThread(). This may cause the unexpected use of the original definition of java.lang.Thread java.lang.Thread.currentThread()in methods that have already been compiled.
2026-06-25 06:45:35.997  8792-8792  .example.caranc         com.example.caranc                   W  Redefining intrinsic method boolean java.lang.Thread.interrupted(). This may cause the unexpected use of the original definition of boolean java.lang.Thread.interrupted()in methods that have already been compiled.
2026-06-25 06:45:36.002  8792-8792  CompatChangeReporter    com.example.caranc                   D  Compat change id reported: 242716250; UID 10535; state: ENABLED
2026-06-25 06:45:36.034  8792-8792  nativeloader            com.example.caranc                   D  Configuring clns-9 for other apk /data/app/~~ng4ljQQk7EP0T2nltNoQdg==/com.example.caranc-xgCsuVctOtp8Hb3N2iY9Kg==/base.apk. target_sdk_version=34, uses_libraries=, library_path=/data/app/~~ng4ljQQk7EP0T2nltNoQdg==/com.example.caranc-xgCsuVctOtp8Hb3N2iY9Kg==/lib/arm64, permitted_path=/data:/mnt/expand:/data/user/0/com.example.caranc
2026-06-25 06:45:36.039  8792-8792  ActivityThread          com.example.caranc                   D  Set OS env TMPDIR to /data/user/0/com.example.caranc/cache
2026-06-25 06:45:36.040  8792-8792  GraphicsEnvironment     com.example.caranc                   V  Currently set values for:
2026-06-25 06:45:36.040  8792-8792  GraphicsEnvironment     com.example.caranc                   V    angle_gl_driver_selection_pkgs=[com.android.angle, com.google.android.apps.tachyon]
2026-06-25 06:45:36.040  8792-8792  GraphicsEnvironment     com.example.caranc                   V    angle_gl_driver_selection_values=[angle, native]
2026-06-25 06:45:36.040  8792-8792  GraphicsEnvironment     com.example.caranc                   V  com.example.caranc is not listed in per-application setting
2026-06-25 06:45:36.040  8792-8792  GraphicsEnvironment     com.example.caranc                   V  No special selections for ANGLE, returning default driver choice
2026-06-25 06:45:36.041  8792-8792  GraphicsEnvironment     com.example.caranc                   V  Neither updatable production driver nor prerelease driver is supported.
2026-06-25 06:45:36.051  1795-6756  AppsFilter              system_server                        I  interaction: PackageSetting{1b22223 com.example.caranc/10535} -> PackageSetting{4ee8416 com.google.android.apps.nexuslauncher/10257} BLOCKED
2026-06-25 06:45:36.052  8792-8792  RenderThread            com.example.caranc                   W  type=1400 audit(0.0:23969): avc:  denied  { read } for  name="uevent" dev="sysfs" ino=33325 scontext=u:r:untrusted_app_34:s0:c23,c258,c512,c768 tcontext=u:object_r:sysfs:s0 tclass=file permissive=0 bug=b/487491690 app=com.example.caranc
2026-06-25 06:45:36.054  8792-8805  DisplayManager          com.example.caranc                   I  Choreographer implicitly registered for the refresh rate.
2026-06-25 06:45:36.210  8792-8792  HWUI                    com.example.caranc                   I  Using FreeType backend (prop=Auto)
2026-06-25 06:45:36.214  8792-8792  CompatChangeReporter    com.example.caranc                   D  Compat change id reported: 289878283; UID 10535; state: ENABLED
2026-06-25 06:45:36.385  8792-8792  VRI[MainActivity]       com.example.caranc                   D  WindowInsets changed: 1080x2364 statusBars:[0,159,0,0] navigationBars:[0,0,0,59] mandatorySystemGestures:[0,188,0,78] 
2026-06-25 06:45:36.386  8792-8792  WindowOnBackDispatcher  com.example.caranc                   D  setTopOnBackInvokedCallback (unwrapped): android.view.ViewRootImpl$$ExternalSyntheticLambda14@e993e3f
2026-06-25 06:45:36.386  8792-8818  WindowOnBackDispatcher  com.example.caranc                   D  setOnBackInvokedCallbackInfo: android.view.ViewRootImpl$$ExternalSyntheticLambda14@e993e3f
2026-06-25 06:45:36.387  1795-6787  CoreBackPreview         system_server                        D  Window{bc3186b u0 com.example.caranc/com.example.caranc.MainActivity}: Setting back callback OnBackInvokedCallbackInfo{mCallback=android.window.IOnBackInvokedCallback$Stub$Proxy@42f2fe0, mPriority=0, mIsAnimationCallback=false, mOverrideBehavior=0}
2026-06-25 06:45:36.422  8792-8796  .example.caranc         com.example.caranc                   I  Compiler allocated 5610KB to compile void android.view.ViewRootImpl.performTraversals(long)
2026-06-25 06:45:36.450  1795-1860  WindowManager           system_server                        D  setClientSurface Surface(name=VRI-com.example.caranc/com.example.caranc.MainActivity#13038)/@0xfedd299 for bc3186b com.example.caranc/com.example.caranc.MainActivity
2026-06-25 06:45:36.452  8792-8792  Surface                 com.example.caranc                   I  Creating surface for consumer unnamed-8792-0 with slotExpansion=1 for 64 slots
2026-06-25 06:45:36.452  8792-8792  Surface                 com.example.caranc                   I  Creating surface for consumer VRI[MainActivity]#0(BLAST Consumer)0 with slotExpansion=1 for 64 slots
2026-06-25 06:45:36.519  1795-1900  ActivityTaskManager     system_server                        I  Displayed com.example.caranc/.MainActivity for user 0: +669ms
2026-06-25 06:45:36.528  8792-8792  Choreographer           com.example.caranc                   I  Skipped 51 frames!  The application may be doing too much work on its main thread.
2026-06-25 06:45:36.618  1795-2760  ImeTracker              system_server                        I  com.example.caranc:e4facedb: onRequestHide at ORIGIN_SERVER reason HIDE_UNSPECIFIED_WINDOW fromUser false userId 0 displayId 0
2026-06-25 06:45:36.620  1795-1860  ImeTracker              system_server                        I  com.example.caranc:5a3aa855: onRequestHide at ORIGIN_SERVER reason HIDE_SOFT_INPUT fromUser false userId 0 displayId 0
2026-06-25 06:45:36.620  1795-1860  ImeTracker              system_server                        I  com.example.caranc:5a3aa855: onCancelled at PHASE_SERVER_SHOULD_HIDE
2026-06-25 06:45:36.621  6019-6019  GoogleInpu...hodService com...gle.android.inputmethod.latin  I  GoogleInputMethodService.onStartInput():1459 onStartInput(EditorInfo{EditorInfo{packageName=com.example.caranc, inputType=0, inputTypeString=NULL, enableLearning=false, autoCorrection=false, autoComplete=false, imeOptions=0, privateImeOptions=null, actionName=UNSPECIFIED, actionLabel=null, initialSelStart=-1, initialSelEnd=-1, initialCapsMode=0, label=null, fieldId=0, fieldName=null, extras=null, hintText=null, hintLocales=[]}}, false)
2026-06-25 06:45:36.623  1795-6756  PackageConfigPersister  system_server                        W  App-specific configuration not found for packageName: com.example.caranc and userId: 0
2026-06-25 06:45:36.654  8792-8792  InsetsController        com.example.caranc                   D  hide(ime())
2026-06-25 06:45:36.654  8792-8792  ImeTracker              com.example.caranc                   I  com.example.caranc:e4facedb: onCancelled at PHASE_CLIENT_ALREADY_HIDDEN
2026-06-25 06:45:40.400  8792-8792  DesktopExperienceFlags  com.example.caranc                   D  Toggle override initialized to: false
2026-06-25 06:45:40.413  1795-6756  ActivityTaskManager     system_server                        V  TaskLaunchParamsModifier: phase=2 task=Task{1713dee #9473 type=standard A=10535:com.example.caranc} activity=ActivityRecord{266324713 u0 com.android.intentresolver/.ChooserActivityLauncher t-1} display-area-from-source=DefaultTaskDisplayArea@153910054 display-id=0 task-display-area-windowing-mode=1 suggested-display-area=DefaultTaskDisplayArea@153910054 inherit-from-source=fullscreen non-freeform-task-display-area display-area=DefaultTaskDisplayArea@153910054 skip-bounds-fullscreen
2026-06-25 06:45:40.413  1795-6756  ActivityTaskManager     system_server                        I  START u0 {act=android.intent.action.CHOOSER xflg=0x4 cmp=com.android.intentresolver/.ChooserActivityLauncher (has extras)} with LAUNCH_MULTIPLE from uid 10535 (com.example.caranc) (sr=117215081) (BAL_ALLOW_VISIBLE_WINDOW) result code=0
2026-06-25 06:45:40.414  4448-4497  WindowManagerShell      com.android.systemui                 V  Transition requested (#1954): android.os.BinderProxy@110003d TransitionRequestInfo { type = OPEN, triggerTask = TaskInfo{userId=0 taskId=9473 effectiveUid=10535 seqId=0 displayId=0 isRunning=true baseIntent=Intent { act=android.intent.action.MAIN cat=[android.intent.category.LAUNCHER] flg=0x10200000 cmp=com.example.caranc/.MainActivity } baseActivity=ComponentInfo{com.example.caranc/com.example.caranc.MainActivity} topActivity=ComponentInfo{com.android.intentresolver/com.android.intentresolver.ChooserActivity} origActivity=null realActivity=ComponentInfo{com.example.caranc/com.example.caranc.MainActivity} realActivityIsAppLockEnabled=false numActivities=2 lastActiveTime=83885917 supportsMultiWindow=true supportsMultiWindowWithoutConstraints=true resizeMode=1 isResizeable=true minWidth=-1 minHeight=-1 defaultMinSize=220 token=WCT{android.os.BinderProxy@21719b3} topActivityType=1 pictureInPictureParams=null shouldDockBigOverlays=false launchIntoPipHostTaskId=-1 lastParentTaskIdBeforePip=-1 displayCutoutSafeInsets=Rect(0, 0 - 0, 0) topActivityInfo=ActivityInfo{10e032 com.android.intentresolver.ChooserActivityLauncher} launchCookies=[android.os.BinderProxy@e114ee9] positionInParent=Point(0, 0) parentTaskId=-1 isFocused=true isInteractive=true isVisible=true isVisibleRequested=true isTopActivityNoDisplay=false isSleeping=false locusId=null displayAreaFeatureId=1 isTopActivityTransparent=true isActivityStackTransparent=false lastNonFullscreenBounds=null leafTaskBoundsFromOptions= false capturedLink=null capturedLinkTimestamp=0 requestedVisibleTypes=503 topActivityRequestOpenInBrowserEducationTimestamp=0 appCompatTaskInfo=AppCompatTaskInfo { topActivityInSizeCompat=false isLeafTask= true eligibleForLetterboxEducation= false isLetterboxEducationEnabled= false isLetterboxDoubleTapEnabled= false eligibleForUserAspectRatioButton= false topActivityBoundsLetterboxed= false isFromLetterboxDoubleTap= false topActivityLetterboxVerticalPosition= -1 topActivityLetterboxHorizontalPosition= -1 topActivityLetterboxWidth=-1 topActivityLetterboxHeight=-1 topActivityAppBounds=Rect(0, 0 - 1080, 2364) isUserFullscreenOverrideEnabled=false isSystemFullscreenOverrideEnabled=false hasMinAspectRatioOverride=false topActivityLetterboxBounds=null topNonResizableActivityAspectRatio=-1.0} topActivityMainWindowFrame=null isAppBubble=false}, pipChange = null, remoteTransitionInfo = null, displayChanges = null, requestedLocation = null, userChange = null, windowingLayerChange = null, fullscreenRequestChange = null, flags = 0, debugId = 1954 }
2026-06-25 06:45:40.476  4997-4997  ChooserHelper           com.android.intentresolver           I  ActivityModel(intent=Intent { act=android.intent.action.CHOOSER flg=0x800000 xflg=0x4 cmp=com.android.intentresolver/.ChooserActivityLauncher (has extras) }, launchedFromUid=10535, launchedFromPackage=com.example.caranc, referrer=android-app://com.example.caranc, isTaskRoot=false)
2026-06-25 06:45:40.502  1795-1860  ActivityManager         system_server                        W  Skipping manifest association check for null package. SourceUid: 10535, SourcePkg: com.example.caranc, TargetUid: 10095, TargetPkg: null
2026-06-25 06:45:40.534  1795-4716  ActivityManager         system_server                        W  Skipping manifest association check for null package. SourceUid: 10535, SourcePkg: com.example.caranc, TargetUid: 10095, TargetPkg: null
2026-06-25 06:45:40.537  4997-5046  ChooserPreview          com.android.intentresolver           W  Could not read content://com.example.caranc.provider/anc_logs/anc_session_20260624_204333.log stream types. If a preview is desired, call Intent#setClipData() to ensure that the sharesheet is given permission.
2026-06-25 06:45:40.537  4997-5046  ChooserPreview          com.android.intentresolver           W  Could not read content://com.example.caranc.provider/anc_logs/anc_session_20260624_204333.log metadata. If a preview is desired, call Intent#setClipData() to ensure that the sharesheet is given permission.
2026-06-25 06:45:40.539  4997-5054  ChooserPreview          com.android.intentresolver           W  Could not read content://com.example.caranc.provider/anc_logs/anc_session_20260624_204333.log metadata. If a preview is desired, call Intent#setClipData() to ensure that the sharesheet is given permission.
2026-06-25 06:45:40.539  4997-5054  ChooserPreview          com.android.intentresolver           W  Could not read content://com.example.caranc.provider/anc_logs/anc_session_20260624_204333.log metadata. If a preview is desired, call Intent#setClipData() to ensure that the sharesheet is given permission.
2026-06-25 06:45:40.545  1795-4716  ActivityManager         system_server                        W  Skipping manifest association check for null package. SourceUid: 10535, SourcePkg: com.example.caranc, TargetUid: 10095, TargetPkg: null
2026-06-25 06:45:40.586  1795-1900  WindowManager           system_server                        V  Sent Transition (#1954) createdAt=06-25 06:45:40.408 via request=TransitionRequestInfo { type = OPEN, triggerTask = TaskInfo{userId=0 taskId=9473 effectiveUid=10535 seqId=0 displayId=0 isRunning=true baseIntent=Intent { act=android.intent.action.MAIN cat=[android.intent.category.LAUNCHER] flg=0x10200000 cmp=com.example.caranc/.MainActivity } baseActivity=ComponentInfo{com.example.caranc/com.example.caranc.MainActivity} topActivity=ComponentInfo{com.android.intentresolver/com.android.intentresolver.ChooserActivity} origActivity=null realActivity=ComponentInfo{com.example.caranc/com.example.caranc.MainActivity} realActivityIsAppLockEnabled=false numActivities=2 lastActiveTime=83885917 supportsMultiWindow=true supportsMultiWindowWithoutConstraints=true resizeMode=1 isResizeable=true minWidth=-1 minHeight=-1 defaultMinSize=220 token=WCT{RemoteToken{ccfce5a Task{1713dee #9473 type=standard A=10535:com.example.caranc}}} topActivityType=1 pictureInPictureParams=null shouldDockBigOverlays=false launchIntoPipHostTaskId=-1 lastParentTaskIdBeforePip=-1 displayCutoutSafeInsets=Rect(0, 0 - 0, 0) topActivityInfo=ActivityInfo{bffec32 com.android.intentresolver.ChooserActivityLauncher} launchCookies=[android.os.BinderProxy@2ddd68] positionInParent=Point(0, 0) parentTaskId=-1 isFocused=true isInteractive=true isVisible=true isVisibleRequested=true isTopActivityNoDisplay=false isSleeping=false locusId=null displayAreaFeatureId=1 isTopActivityTransparent=true isActivityStackTransparent=false lastNonFullscreenBounds=null leafTaskBoundsFromOptions= false capturedLink=null capturedLinkTimestamp=0 requestedVisibleTypes=503 topActivityRequestOpenInBrowserEducationTimestamp=0 appCompatTaskInfo=AppCompatTaskInfo { topActivityInSizeCompat=false isLeafTask= true eligibleForLetterboxEducation= false isLetterboxEducationEnabled= false isLetterboxDoubleTapEnabled= false eligibleForUserAspectRatioButton= false topActivityBoundsLetterboxed= false isFromLetterboxDoubleTap= false topActivityLetterboxVerticalPosition= -1 topActivityLetterboxHorizontalPosition= -1 topActivityLetterboxWidth=-1 topActivityLetterboxHeight=-1 topActivityAppBounds=Rect(0, 0 - 1080, 2364) isUserFullscreenOverrideEnabled=false isSystemFullscreenOverrideEnabled=false hasMinAspectRatioOverride=false topActivityLetterboxBounds=null topNonResizableActivityAspectRatio=-1.0} topActivityMainWindowFrame=null isAppBubble=false}, pipChange = null, remoteTransitionInfo = null, displayChanges = null, requestedLocation = null, userChange = null, windowingLayerChange = null, fullscreenRequestChange = null, flags = 0, debugId = 1954 }
2026-06-25 06:45:40.586  1795-1900  WindowManager           system_server                        V      info={id=1954 t=OPEN f=0x0 trk=0 r=[0@Point(0, 0)] c=[
                                                                                                            {m=OPEN f=TRANSLUCENT|FILLS_TASK p=WCT{RemoteToken{ccfce5a Task{1713dee #9473 type=standard A=10535:com.example.caranc}}} leash=Surface(name=ActivityRecord{266324713 u0 com.android.intentresolver/.ChooserActivityLauncher t9473}#13044)/@0x507a9e7 sb=Rect(0, 0 - 0, 0) eb=Rect(0, 0 - 1080, 2364) epz=Point(1080, 2364) d=-1->0 r=-1->0:-1 bc=ff1a1a11 activity=ActivityTransitionInfo { component = ComponentInfo{com.android.intentresolver/com.android.intentresolver.ChooserActivity}, taskId = 9473, appCompatTransitionInfo = null }},
                                                                                                            {WCT{RemoteToken{ccfce5a Task{1713dee #9473 type=standard A=10535:com.example.caranc}}} m=CHANGE f=NONE leash=Surface(name=Task=9473#13022)/@0xc81f649 sb=Rect(0, 0 - 1080, 2364) eb=Rect(0, 0 - 1080, 2364) epz=Point(1080, 2364) d=0 taskParent=-1 winMode=1 userId=0}
                                                                                                        ]}
2026-06-25 06:45:41.485  1795-2760  ImeTracker              system_server                        I  com.example.caranc:b468f2c2: onRequestHide at ORIGIN_SERVER reason HIDE_UNSPECIFIED_WINDOW fromUser false userId 0 displayId 0
2026-06-25 06:45:41.486  8792-8792  InsetsController        com.example.caranc                   D  hide(ime())
2026-06-25 06:45:41.486  8792-8792  ImeTracker              com.example.caranc                   I  com.example.caranc:b468f2c2: onCancelled at PHASE_CLIENT_ALREADY_HIDDEN
2026-06-25 06:45:41.493  6019-6019  GoogleInpu...hodService com...gle.android.inputmethod.latin  I  GoogleInputMethodService.onStartInput():1459 onStartInput(EditorInfo{EditorInfo{packageName=com.example.caranc, inputType=0, inputTypeString=NULL, enableLearning=false, autoCorrection=false, autoComplete=false, imeOptions=0, privateImeOptions=null, actionName=UNSPECIFIED, actionLabel=null, initialSelStart=-1, initialSelEnd=-1, initialCapsMode=0, label=null, fieldId=0, fieldName=null, extras=null, hintText=null, hintLocales=[]}}, false)
2026-06-25 06:45:41.494  1795-1860  PackageConfigPersister  system_server                        W  App-specific configuration not found for packageName: com.example.caranc and userId: 0
2026-06-25 06:45:41.505  1795-2760  ImeTracker              system_server                        I  com.example.caranc:158f56fd: onRequestHide at ORIGIN_SERVER reason HIDE_UNSPECIFIED_WINDOW fromUser false userId 0 displayId 0
2026-06-25 06:45:41.506  8792-8792  InsetsController        com.example.caranc                   D  hide(ime())
2026-06-25 06:45:41.506  8792-8792  ImeTracker              com.example.caranc                   I  com.example.caranc:158f56fd: onCancelled at PHASE_CLIENT_ALREADY_HIDDEN
2026-06-25 06:45:41.509  6019-6019  GoogleInpu...hodService com...gle.android.inputmethod.latin  I  GoogleInputMethodService.onStartInput():1459 onStartInput(EditorInfo{EditorInfo{packageName=com.example.caranc, inputType=0, inputTypeString=NULL, enableLearning=false, autoCorrection=false, autoComplete=false, imeOptions=0, privateImeOptions=null, actionName=UNSPECIFIED, actionLabel=null, initialSelStart=-1, initialSelEnd=-1, initialCapsMode=0, label=null, fieldId=0, fieldName=null, extras=null, hintText=null, hintLocales=[]}}, false)
2026-06-25 06:45:41.513  6019-6019  GoogleInpu...hodService com...gle.android.inputmethod.latin  I  GoogleInputMethodService.onStartInput():1459 onStartInput(EditorInfo{EditorInfo{packageName=com.example.caranc, inputType=0, inputTypeString=NULL, enableLearning=false, autoCorrection=false, autoComplete=false, imeOptions=0, privateImeOptions=null, actionName=UNSPECIFIED, actionLabel=null, initialSelStart=-1, initialSelEnd=-1, initialCapsMode=0, label=null, fieldId=0, fieldName=null, extras=null, hintText=null, hintLocales=[]}}, false)
2026-06-25 06:45:41.514  1795-1860  PackageConfigPersister  system_server                        W  App-specific configuration not found for packageName: com.example.caranc and userId: 0
2026-06-25 06:45:41.514  1795-1860  PackageConfigPersister  system_server                        W  App-specific configuration not found for packageName: com.example.caranc and userId: 0
2026-06-25 06:45:41.850  8792-8845  ProfileInstaller        com.example.caranc                   D  Installing profile for com.example.caranc
2026-06-25 06:45:43.031  1795-1860  NotificationService     system_server                        W  Toast already killed. pkg=com.example.caranc token=android.os.BinderProxy@b461ba8
2026-06-25 06:45:43.487  1795-4927  ActivityManager         system_server                        I  Background started FGS: Allowed [callingPackage: com.example.caranc; callingUid: 10535; uidState: TOP ; uidBFSL: [BFSL]; BFGS denied: false; intent: Intent { xflg=0x4 cmp=com.example.caranc/.shared.service.ANCService }; code:PROC_STATE_TOP; tempAllowListReason:<null>; allowWiu:12; targetSdkVersion:34; callerTargetSdkVersion:34; startForegroundCount:0; bindFromPackage:null; isBindService:false]
2026-06-25 06:45:43.504  8792-8792  ANCService              com.example.caranc                   D  Notifications enabled: true
2026-06-25 06:45:43.508  8792-8792  ANCService              com.example.caranc                   D  Notification object created successfully
2026-06-25 06:45:43.532  8792-8792  ANCService              com.example.caranc                   D  startForeground 呼叫成功
2026-06-25 06:45:43.541  8792-8849  ANCService              com.example.caranc                   I  CYCLE3_EXTRA: NativeLowBandProcessor available=false (proto; cmake notes in shared/build.gradle.kts)
2026-06-25 06:45:43.541  1795-1795  PersonalContext         system_server                        I  Personal Context disabled for package com.example.caranc
2026-06-25 06:45:43.687  8792-8792  ANCService              com.example.caranc                   D  Car Connection Type: 0
2026-06-25 06:45:43.819  6757-7681  WearNotifPipeline       com...pps.wear.companion:persistent  I  [Pipeline] Processing new notification: 0|com.example.caranc|101|null|10535
2026-06-25 06:45:43.823  6757-7681  WearNotifPipeline       com...pps.wear.companion:persistent  I  [Pipeline] parseAndSendNotification: 0|com.example.caranc|101|null|10535, behavior=DEFAULT
2026-06-25 06:45:43.855  6757-7681  WearNotifPipeline       com...pps.wear.companion:persistent  I  [FilterModel] 0|com.example.caranc|101|null|10535 filtered for reasons: [NON_CLEARABLE_NOTIFICATION]
2026-06-25 06:45:44.061  8792-8850  VehicleSpeedProvider    com.example.caranc                   I  GPS 車速追蹤已啟動
2026-06-25 06:45:44.067  8792-8850  AudioSystem             com.example.caranc                   D  onNewService: media.audio_policy service obtained 0xb400007b555ed060
2026-06-25 06:45:44.068  8792-8850  AudioSystem             com.example.caranc                   D  getService: IAudioPolicyService retrieved: 0xb400007b555ed060  cached: 0xb400007b555ed060
2026-06-25 06:45:44.077  8792-8792  AudioRouteManager       com.example.caranc                   I  Audio devices added: EARPIECE:Pixel 10 Pro Fold::id=2, SPEAKER:Pixel 10 Pro Fold::id=3, 18:Pixel 10 Pro Fold::id=18, 24:Pixel 10 Pro Fold::id=4, 15:Pixel 10 Pro Fold:bottom:id=21, 18:Pixel 10 Pro Fold::id=27, 15:Pixel 10 Pro Fold:back:id=22, SUBMIX:Pixel 10 Pro Fold:0:id=33, 28:Pixel 10 Pro Fold::id=31
2026-06-25 06:45:44.083  8792-8850  AudioSystem             com.example.caranc                   D  onNewServiceWithAdapter: media.audio_flinger service obtained 0xb400007bd55cb7b0
2026-06-25 06:45:44.084  8792-8850  AudioSystem             com.example.caranc                   D  getService: IAudioFlingerService retrieved: 0xb400007b555ed380  IAudioFlinger cached: 0xb400007bd55cb7b0
2026-06-25 06:45:44.163  8792-8850  AudioTrack              com.example.caranc                   I  createTrack_l(0): AUDIO_OUTPUT_FLAG_FAST successful; frameCount 2886 -> 2886
2026-06-25 06:45:44.165  8792-8850  AudioTrack              com.example.caranc                   W  restoreTrack_l(1601): dead IAudioTrack, PCM, creating a new one from setOutputDevice()
2026-06-25 06:45:44.170  8792-8850  AudioTrack              com.example.caranc                   I  createTrack_l(1601): AUDIO_OUTPUT_FLAG_FAST successful; frameCount 2886 -> 2886
2026-06-25 06:45:44.171  8792-8850  AudioRouteManager       com.example.caranc                   I  AudioTrack preferred device: SPEAKER:Pixel 10 Pro Fold::id=3 applied=true
2026-06-25 06:45:44.171  8792-8850  AudioRecord             com.example.caranc                   W  restoreRecord_l(1600) called from setInputDevice()
2026-06-25 06:45:44.173  8792-8850  AudioRouteManager       com.example.caranc                   I  AudioRecord preferred device: 15:Pixel 10 Pro Fold:bottom:id=21 applied=true
2026-06-25 06:45:44.176  8792-8850  MediaPlaybackCapture    com.example.caranc                   W  API 37 僅支援 MediaProjection 擷取，暫未整合
2026-06-25 06:45:44.176  8792-8850  MediaPlaybackCapture    com.example.caranc                   W  無法建立 AudioPlaybackCaptureConfiguration
2026-06-25 06:45:44.191  1177-1262  UsecaseValidator        audioserver                          I  verifyAudioAttributes update usage: 1 to AUDIO_USAGE_GAME for output: 13 pid: 8792 package: com.example.caranc
2026-06-25 06:45:44.205  1795-4716  AppOps                  system_server                        E  attributionTag  not declared in manifest of com.example.caranc
2026-06-25 06:45:44.205  1795-6747  AppOps                  system_server                        E  attributionTag  not declared in manifest of com.example.caranc
2026-06-25 06:45:44.755  8792-8850  AudioRouteManager       com.example.caranc                   I  AudioTrack preferred device: SPEAKER:Pixel 10 Pro Fold::id=3 applied=true
2026-06-25 06:45:44.755  8792-8850  AudioRouteManager       com.example.caranc                   I  AudioRecord preferred device: 15:Pixel 10 Pro Fold:bottom:id=21 applied=true
2026-06-25 06:45:44.775  8792-8850  ANCService              com.example.caranc                   I  載入已儲存車廂 profile: skoda_octavia_2019
2026-06-25 06:45:44.777  8792-8850  ANCService              com.example.caranc                   D  Updating notification: 已載入車廂聲學 profile [skoda_octavia_2019]
2026-06-25 06:45:44.786  8792-8850  ANCService              com.example.caranc                   D  Notification object created successfully
2026-06-25 06:45:44.791  1795-1795  PersonalContext         system_server                        I  Personal Context disabled for package com.example.caranc
2026-06-25 06:45:45.057  6757-7681  WearNotifPipeline       com...pps.wear.companion:persistent  I  [Pipeline] Processing new notification: 0|com.example.caranc|101|null|10535
2026-06-25 06:45:45.066  6757-7681  WearNotifPipeline       com...pps.wear.companion:persistent  I  [Pipeline] parseAndSendNotification: 0|com.example.caranc|101|null|10535, behavior=DEFAULT
2026-06-25 06:45:45.087  6757-7681  WearNotifPipeline       com...pps.wear.companion:persistent  I  [FilterModel] 0|com.example.caranc|101|null|10535 filtered for reasons: [NON_CLEARABLE_NOTIFICATION]
2026-06-25 06:45:46.815  8792-8850  ANCService              com.example.caranc                   D  Updating notification: 主動降噪運作中 [低]
2026-06-25 06:45:46.824  8792-8850  ANCService              com.example.caranc                   D  Notification object created successfully
2026-06-25 06:45:46.831  8792-8850  AudioRouteManager       com.example.caranc                   I  AudioTrack preferred device: SPEAKER:Pixel 10 Pro Fold::id=3 applied=true
2026-06-25 06:45:46.831  1795-1795  PersonalContext         system_server                        I  Personal Context disabled for package com.example.caranc
2026-06-25 06:45:46.831  8792-8850  AudioRouteManager       com.example.caranc                   I  AudioRecord preferred device: 15:Pixel 10 Pro Fold:bottom:id=21 applied=true
2026-06-25 06:45:46.859  8792-8850  AudioTrack              com.example.caranc                   W  restartIfDisabled(1602): releaseBuffer() track 0xb400007ce55c3180 disabled due to previous underrun, restarting
2026-06-25 06:45:46.861  1177-17698 UsecaseValidator        audioserver                          I  verifyAudioAttributes update usage: 1 to AUDIO_USAGE_GAME for output: 13 pid: 8792 package: com.example.caranc
2026-06-25 06:45:46.871  8792-8850  ANCService              com.example.caranc                   D  perf: block#1 fullLoop=37.87ms ema=37.87ms mode=normal lmsUpdates=0 probeCorrMs=0.00 nativeLowAvail=false
2026-06-25 06:45:46.896  8792-8850  ANCService              com.example.caranc                   D  perf: block#2 fullLoop=25.19ms ema=35.97ms mode=normal lmsUpdates=0 probeCorrMs=0.00 nativeLowAvail=false
2026-06-25 06:45:46.910  8792-8850  ANCService              com.example.caranc                   D  perf: block#3 fullLoop=13.51ms ema=32.60ms mode=normal lmsUpdates=0 probeCorrMs=0.00 nativeLowAvail=false
2026-06-25 06:45:46.921  8792-8850  ANCService              com.example.caranc                   D  perf: block#4 fullLoop=10.46ms ema=29.28ms mode=normal lmsUpdates=0 probeCorrMs=0.00 nativeLowAvail=false
2026-06-25 06:45:46.931  8792-8850  ANCService              com.example.caranc                   D  perf: block#5 fullLoop=9.30ms ema=26.28ms mode=normal lmsUpdates=0 probeCorrMs=0.00 nativeLowAvail=false
2026-06-25 06:45:46.936  8792-8850  ANCService              com.example.caranc                   D  perf: block#6 fullLoop=4.87ms ema=23.07ms mode=normal lmsUpdates=0 probeCorrMs=0.00 nativeLowAvail=false
2026-06-25 06:45:46.967  8792-8850  ANCService              com.example.caranc                   D  perf: block#20 fullLoop=1.81ms ema=4.09ms mode=normal lmsUpdates=0 probeCorrMs=0.00 nativeLowAvail=false
2026-06-25 06:45:46.996  8792-8850  ANCService              com.example.caranc                   D  perf: block#40 fullLoop=1.07ms ema=1.37ms mode=normal lmsUpdates=0 probeCorrMs=0.00 nativeLowAvail=false
2026-06-25 06:45:47.015  8792-8850  ANCService              com.example.caranc                   D  perf: block#60 fullLoop=0.90ms ema=0.91ms mode=normal lmsUpdates=0 probeCorrMs=0.00 nativeLowAvail=false
2026-06-25 06:45:47.032  8792-8850  ANCService              com.example.caranc                   D  perf: block#80 fullLoop=0.76ms ema=0.80ms mode=normal lmsUpdates=0 probeCorrMs=0.00 nativeLowAvail=false
2026-06-25 06:45:47.045  8792-8850  ANCService              com.example.caranc                   D  perf: block#100 fullLoop=0.60ms ema=0.60ms mode=normal lmsUpdates=0 probeCorrMs=0.00 nativeLowAvail=false
2026-06-25 06:45:47.062  8792-8850  ANCService              com.example.caranc                   D  perf: block#120 fullLoop=0.59ms ema=0.61ms mode=normal lmsUpdates=0 probeCorrMs=0.00 nativeLowAvail=false
2026-06-25 06:45:47.083  8792-8850  ANCService              com.example.caranc                   D  perf: block#140 fullLoop=0.76ms ema=0.82ms mode=normal lmsUpdates=0 probeCorrMs=0.00 nativeLowAvail=false
2026-06-25 06:45:47.104  8792-8850  ANCService              com.example.caranc                   D  perf: block#147 fullLoop=16.53ms ema=3.05ms mode=normal lmsUpdates=0 probeCorrMs=0.00 nativeLowAvail=false
2026-06-25 06:45:47.118  8792-8850  ANCService              com.example.caranc                   D  perf: block#160 fullLoop=0.75ms ema=1.23ms mode=normal lmsUpdates=0 probeCorrMs=0.00 nativeLowAvail=false
2026-06-25 06:45:47.120  8792-8799  System                  com.example.caranc                   W  A resource failed to call AbstractCursor.close. 
2026-06-25 06:45:47.121  8792-8799  System                  com.example.caranc                   W  A resource failed to call CursorWrapperInner.close. 
2026-06-25 06:45:47.131  8792-8850  ANCService              com.example.caranc                   D  perf: block#170 fullLoop=5.35ms ema=1.52ms mode=normal lmsUpdates=0 probeCorrMs=0.00 nativeLowAvail=false
2026-06-25 06:45:47.141  8792-8850  ANCService              com.example.caranc                   D  perf: block#177 fullLoop=4.75ms ema=1.58ms mode=normal lmsUpdates=0 probeCorrMs=0.00 nativeLowAvail=false
2026-06-25 06:45:47.143  8792-8850  ANCService              com.example.caranc                   D  perf: block#180 fullLoop=0.61ms ema=1.21ms mode=normal lmsUpdates=0 probeCorrMs=0.00 nativeLowAvail=false
2026-06-25 06:45:47.150  8792-8850  ANCService              com.example.caranc                   D  perf: block#185 fullLoop=4.68ms ema=1.48ms mode=normal lmsUpdates=0 probeCorrMs=0.00 nativeLowAvail=false
2026-06-25 06:45:47.160  8792-8850  ANCService              com.example.caranc                   D  perf: block#192 fullLoop=5.59ms ema=1.63ms mode=normal lmsUpdates=0 probeCorrMs=0.00 nativeLowAvail=false
2026-06-25 06:45:47.166  6757-7681  WearNotifPipeline       com...pps.wear.companion:persistent  I  [Pipeline] Processing new notification: 0|com.example.caranc|101|null|10535
2026-06-25 06:45:47.169  8792-8850  ANCService              com.example.caranc                   D  perf: block#200 fullLoop=4.20ms ema=1.48ms mode=normal lmsUpdates=0 probeCorrMs=0.00 nativeLowAvail=false
2026-06-25 06:45:47.176  6757-7681  WearNotifPipeline       com...pps.wear.companion:persistent  I  [Pipeline] parseAndSendNotification: 0|com.example.caranc|101|null|10535, behavior=DEFAULT
2026-06-25 06:45:47.179  8792-8850  ANCService              com.example.caranc                   D  perf: block#207 fullLoop=4.48ms ema=1.55ms mode=normal lmsUpdates=0 probeCorrMs=0.00 nativeLowAvail=false
2026-06-25 06:45:47.184  6757-7681  WearNotifPipeline       com...pps.wear.companion:persistent  I  [FilterModel] 0|com.example.caranc|101|null|10535 filtered for reasons: [NON_CLEARABLE_NOTIFICATION]
2026-06-25 06:45:47.192  8792-8850  ANCService              com.example.caranc                   D  perf: block#220 fullLoop=0.75ms ema=1.01ms mode=normal lmsUpdates=0 probeCorrMs=0.00 nativeLowAvail=false
2026-06-25 06:45:47.198  8792-8850  ANCService              com.example.caranc                   D  perf: block#222 fullLoop=4.10ms ema=1.45ms mode=normal lmsUpdates=0 probeCorrMs=0.00 nativeLowAvail=false
2026-06-25 06:45:47.217  8792-8850  ANCService              com.example.caranc                   D  perf: block#237 fullLoop=4.23ms ema=1.48ms mode=normal lmsUpdates=0 probeCorrMs=0.00 nativeLowAvail=false
2026-06-25 06:45:47.219  8792-8850  ANCService              com.example.caranc                   D  perf: block#240 fullLoop=0.75ms ema=1.21ms mode=normal lmsUpdates=0 probeCorrMs=0.00 nativeLowAvail=false
2026-06-25 06:45:47.236  8792-8850  ANCService              com.example.caranc                   D  perf: block#252 fullLoop=4.38ms ema=1.49ms mode=normal lmsUpdates=0 probeCorrMs=0.00 nativeLowAvail=false
2026-06-25 06:45:47.245  8792-8850  ANCService              com.example.caranc                   D  perf: block#260 fullLoop=2.55ms ema=1.27ms mode=normal lmsUpdates=0 probeCorrMs=0.00 nativeLowAvail=false
2026-06-25 06:45:47.255  8792-8850  ANCService              com.example.caranc                   D  perf: block#267 fullLoop=4.35ms ema=1.45ms mode=normal lmsUpdates=0 probeCorrMs=0.00 nativeLowAvail=false
2026-06-25 06:45:47.266  8792-8850  ANCService              com.example.caranc                   D  perf: block#275 fullLoop=4.97ms ema=1.58ms mode=normal lmsUpdates=0 probeCorrMs=0.00 nativeLowAvail=false
2026-06-25 06:45:47.271  8792-8850  ANCService              com.example.caranc                   D  perf: block#280 fullLoop=0.72ms ema=1.15ms mode=normal lmsUpdates=0 probeCorrMs=0.00 nativeLowAvail=false
2026-06-25 06:45:47.292  8792-8850  ANCService              com.example.caranc                   D  perf: block#300 fullLoop=0.85ms ema=0.94ms mode=normal lmsUpdates=0 probeCorrMs=0.00 nativeLowAvail=false
2026-06-25 06:45:47.305  8792-8850  ANCService              com.example.caranc                   D  perf: block#305 fullLoop=8.97ms ema=2.08ms mode=normal lmsUpdates=0 probeCorrMs=0.00 nativeLowAvail=false
2026-06-25 06:45:47.319  8792-8850  ANCService              com.example.caranc                   D  perf: block#320 fullLoop=2.56ms ema=1.06ms mode=normal lmsUpdates=0 probeCorrMs=0.00 nativeLowAvail=false
2026-06-25 06:45:47.329  8792-8850  ANCService              com.example.caranc                   D  perf: block#327 fullLoop=5.90ms ema=1.56ms mode=normal lmsUpdates=0 probeCorrMs=0.00 nativeLowAvail=false
2026-06-25 06:45:47.339  8792-8850  ANCService              com.example.caranc                   D  perf: block#335 fullLoop=4.36ms ema=1.44ms mode=normal lmsUpdates=0 probeCorrMs=0.00 nativeLowAvail=false
2026-06-25 06:45:47.343  8792-8850  ANCService              com.example.caranc                   D  perf: block#340 fullLoop=0.65ms ema=1.00ms mode=normal lmsUpdates=0 probeCorrMs=0.00 nativeLowAvail=false
2026-06-25 06:45:47.350  8792-8850  ANCService              com.example.caranc                   D  perf: block#342 fullLoop=6.17ms ema=1.73ms mode=normal lmsUpdates=0 probeCorrMs=0.00 nativeLowAvail=false
2026-06-25 06:45:47.370  8792-8850  ANCService              com.example.caranc                   D  perf: block#357 fullLoop=6.52ms ema=1.79ms mode=normal lmsUpdates=0 probeCorrMs=0.00 nativeLowAvail=false
2026-06-25 06:45:47.373  8792-8850  ANCService              com.example.caranc                   D  perf: block#360 fullLoop=0.72ms ema=1.37ms mode=normal lmsUpdates=0 probeCorrMs=0.00 nativeLowAvail=false
2026-06-25 06:45:47.389  8792-8850  ANCService              com.example.caranc                   D  perf: block#372 fullLoop=4.07ms ema=1.48ms mode=normal lmsUpdates=0 probeCorrMs=0.00 nativeLowAvail=false
2026-06-25 06:45:47.399  8792-8850  ANCService              com.example.caranc                   D  perf: block#380 fullLoop=4.22ms ema=1.45ms mode=normal lmsUpdates=0 probeCorrMs=0.00 nativeLowAvail=false
2026-06-25 06:45:47.409  8792-8850  ANCService              com.example.caranc                   D  perf: block#387 fullLoop=4.36ms ema=1.50ms mode=normal lmsUpdates=0 probeCorrMs=0.00 nativeLowAvail=false
2026-06-25 06:45:47.419  8792-8850  ANCService              com.example.caranc                   D  perf: block#395 fullLoop=4.03ms ema=1.46ms mode=normal lmsUpdates=0 probeCorrMs=0.00 nativeLowAvail=false
2026-06-25 06:45:47.424  8792-8850  ANCService              com.example.caranc                   D  perf: block#400 fullLoop=0.76ms ema=1.08ms mode=normal lmsUpdates=0 probeCorrMs=0.00 nativeLowAvail=false
2026-06-25 06:45:47.430  8792-8850  ANCService              com.example.caranc                   D  perf: block#402 fullLoop=4.51ms ema=1.56ms mode=normal lmsUpdates=0 probeCorrMs=0.00 nativeLowAvail=false
2026-06-25 06:45:47.451  8792-8850  ANCService              com.example.caranc                   D  perf: block#417 fullLoop=6.08ms ema=1.75ms mode=normal lmsUpdates=0 probeCorrMs=0.00 nativeLowAvail=false
2026-06-25 06:45:47.454  8792-8850  ANCService              com.example.caranc                   D  perf: block#420 fullLoop=0.87ms ema=1.40ms mode=normal lmsUpdates=0 probeCorrMs=0.00 nativeLowAvail=false
2026-06-25 06:45:47.479  8792-8850  ANCService              com.example.caranc                   D  perf: block#440 fullLoop=4.00ms ema=1.41ms mode=normal lmsUpdates=0 probeCorrMs=0.00 nativeLowAvail=false
2026-06-25 06:45:47.489  8792-8850  ANCService              com.example.caranc                   D  perf: block#447 fullLoop=4.21ms ema=1.51ms mode=normal lmsUpdates=0 probeCorrMs=0.00 nativeLowAvail=false
2026-06-25 06:45:47.503  8792-8850  ANCService              com.example.caranc                   D  perf: block#460 fullLoop=0.87ms ema=0.98ms mode=normal lmsUpdates=0 probeCorrMs=0.00 nativeLowAvail=false
2026-06-25 06:45:47.509  8792-8850  ANCService              com.example.caranc                   D  perf: block#462 fullLoop=4.67ms ema=1.49ms mode=normal lmsUpdates=0 probeCorrMs=0.00 nativeLowAvail=false
2026-06-25 06:45:47.519  8792-8850  ANCService              com.example.caranc                   D  perf: block#470 fullLoop=5.10ms ema=1.52ms mode=normal lmsUpdates=0 probeCorrMs=0.00 nativeLowAvail=false
2026-06-25 06:45:47.529  8792-8850  ANCService              com.example.caranc                   D  perf: block#477 fullLoop=5.41ms ema=1.63ms mode=normal lmsUpdates=0 probeCorrMs=0.00 nativeLowAvail=false
2026-06-25 06:45:47.531  8792-8850  ANCService              com.example.caranc                   D  perf: block#480 fullLoop=0.65ms ema=1.26ms mode=normal lmsUpdates=0 probeCorrMs=0.00 nativeLowAvail=false
2026-06-25 06:45:47.539  8792-8850  ANCService              com.example.caranc                   D  perf: block#485 fullLoop=4.09ms ema=1.44ms mode=normal lmsUpdates=0 probeCorrMs=0.00 nativeLowAvail=false
2026-06-25 06:45:47.549  8792-8850  ANCService              com.example.caranc                   D  perf: block#492 fullLoop=4.96ms ema=1.56ms mode=normal lmsUpdates=0 probeCorrMs=0.00 nativeLowAvail=false
2026-06-25 06:45:47.559  8792-8850  ANCService              com.example.caranc                   D  perf: block#500 fullLoop=4.28ms ema=1.51ms mode=normal lmsUpdates=0 probeCorrMs=0.00 nativeLowAvail=false
2026-06-25 06:45:47.584  8792-8850  ANCService              com.example.caranc                   D  perf: block#520 fullLoop=0.84ms ema=1.05ms mode=normal lmsUpdates=0 probeCorrMs=0.00 nativeLowAvail=false
2026-06-25 06:45:47.589  8792-8850  ANCService              com.example.caranc                   D  perf: block#522 fullLoop=4.19ms ema=1.49ms mode=normal lmsUpdates=0 probeCorrMs=0.00 nativeLowAvail=false
2026-06-25 06:45:47.613  8792-8850  ANCService              com.example.caranc                   D  perf: block#540 fullLoop=0.75ms ema=1.23ms mode=normal lmsUpdates=0 probeCorrMs=0.00 nativeLowAvail=false
2026-06-25 06:45:47.632  8792-8850  ANCService              com.example.caranc                   D  perf: block#552 fullLoop=6.54ms ema=1.84ms mode=normal lmsUpdates=0 probeCorrMs=0.00 nativeLowAvail=false
2026-06-25 06:45:47.640  8792-8850  ANCService              com.example.caranc                   D  perf: block#560 fullLoop=0.76ms ema=1.06ms mode=normal lmsUpdates=0 probeCorrMs=0.00 nativeLowAvail=false
2026-06-25 06:45:47.659  8792-8850  ANCService              com.example.caranc                   D  perf: block#575 fullLoop=4.03ms ema=1.35ms mode=normal lmsUpdates=0 probeCorrMs=0.00 nativeLowAvail=false
2026-06-25 06:45:47.663  8792-8850  ANCService              com.example.caranc                   D  perf: block#580 fullLoop=0.61ms ema=0.94ms mode=normal lmsUpdates=0 probeCorrMs=0.00 nativeLowAvail=false
2026-06-25 06:45:47.671  8792-8850  ANCService              com.example.caranc                   D  perf: block#582 fullLoop=7.37ms ema=1.86ms mode=normal lmsUpdates=0 probeCorrMs=0.00 nativeLowAvail=false
2026-06-25 06:45:47.689  8792-8850  ANCService              com.example.caranc                   D  perf: block#597 fullLoop=5.51ms ema=1.56ms mode=normal lmsUpdates=0 probeCorrMs=0.00 nativeLowAvail=false
2026-06-25 06:45:47.692  8792-8850  ANCService              com.example.caranc                   D  perf: block#600 fullLoop=0.93ms ema=1.31ms mode=normal lmsUpdates=0 probeCorrMs=0.00 nativeLowAvail=false
2026-06-25 06:45:47.709  8792-8850  ANCService              com.example.caranc                   D  perf: block#612 fullLoop=5.07ms ema=1.47ms mode=normal lmsUpdates=0 probeCorrMs=0.00 nativeLowAvail=false
2026-06-25 06:45:47.719  8792-8850  ANCService              com.example.caranc                   D  perf: block#620 fullLoop=5.85ms ema=1.56ms mode=normal lmsUpdates=0 probeCorrMs=0.00 nativeLowAvail=false
2026-06-25 06:45:47.729  8792-8850  ANCService              com.example.caranc                   D  perf: block#627 fullLoop=6.49ms ema=1.75ms mode=normal lmsUpdates=0 probeCorrMs=0.00 nativeLowAvail=false
2026-06-25 06:45:47.739  8792-8850  ANCService              com.example.caranc                   D  perf: block#635 fullLoop=4.80ms ema=1.54ms mode=normal lmsUpdates=0 probeCorrMs=0.00 nativeLowAvail=false
2026-06-25 06:45:47.743  8792-8850  ANCService              com.example.caranc                   D  perf: block#640 fullLoop=0.60ms ema=1.02ms mode=normal lmsUpdates=0 probeCorrMs=0.00 nativeLowAvail=false
2026-06-25 06:45:47.751  8792-8850  ANCService              com.example.caranc                   D  perf: block#642 fullLoop=7.09ms ema=1.88ms mode=normal lmsUpdates=0 probeCorrMs=0.00 nativeLowAvail=false
2026-06-25 06:45:47.772  8792-8850  ANCService              com.example.caranc                   D  perf: block#660 fullLoop=0.66ms ema=1.03ms mode=normal lmsUpdates=0 probeCorrMs=0.00 nativeLowAvail=false
2026-06-25 06:45:47.789  8792-8850  ANCService              com.example.caranc                   D  perf: block#672 fullLoop=5.38ms ema=1.59ms mode=normal lmsUpdates=0 probeCorrMs=0.00 nativeLowAvail=false
2026-06-25 06:45:47.800  8792-8850  ANCService              com.example.caranc                   D  perf: block#680 fullLoop=4.14ms ema=1.46ms mode=normal lmsUpdates=0 probeCorrMs=0.00 nativeLowAvail=false
2026-06-25 06:45:47.809  8792-8850  ANCService              com.example.caranc                   D  perf: block#687 fullLoop=4.72ms ema=1.54ms mode=normal lmsUpdates=0 probeCorrMs=0.00 nativeLowAvail=false
2026-06-25 06:45:47.823  8792-8850  ANCService              com.example.caranc                   D  perf: block#700 fullLoop=0.68ms ema=0.99ms mode=normal lmsUpdates=0 probeCorrMs=0.00 nativeLowAvail=false
2026-06-25 06:45:47.829  8792-8850  ANCService              com.example.caranc                   D  perf: block#702 fullLoop=4.30ms ema=1.45ms mode=normal lmsUpdates=0 probeCorrMs=0.00 nativeLowAvail=false
2026-06-25 06:45:47.840  8792-8850  ANCService              com.example.caranc                   D  perf: block#710 fullLoop=5.08ms ema=1.54ms mode=normal lmsUpdates=0 probeCorrMs=0.00 nativeLowAvail=false
2026-06-25 06:45:47.850  8792-8850  ANCService              com.example.caranc                   D  perf: block#717 fullLoop=4.37ms ema=1.54ms mode=normal lmsUpdates=0 probeCorrMs=0.00 nativeLowAvail=false
2026-06-25 06:45:47.853  8792-8850  ANCService              com.example.caranc                   D  perf: block#720 fullLoop=0.75ms ema=1.25ms mode=normal lmsUpdates=0 probeCorrMs=0.00 nativeLowAvail=false
2026-06-25 06:45:47.873  8792-8850  ANCService              com.example.caranc                   D  perf: block#732 fullLoop=8.75ms ema=2.09ms mode=normal lmsUpdates=0 probeCorrMs=0.00 nativeLowAvail=false
2026-06-25 06:45:47.881  8792-8850  ANCService              com.example.caranc                   D  perf: block#740 fullLoop=0.68ms ema=1.18ms mode=normal lmsUpdates=0 probeCorrMs=0.00 nativeLowAvail=false
2026-06-25 06:45:47.904  8792-8850  ANCService              com.example.caranc                   D  perf: block#760 fullLoop=0.65ms ema=1.01ms mode=normal lmsUpdates=0 probeCorrMs=0.00 nativeLowAvail=false
2026-06-25 06:45:47.909  8792-8850  ANCService              com.example.caranc                   D  perf: block#762 fullLoop=4.15ms ema=1.44ms mode=normal lmsUpdates=0 probeCorrMs=0.00 nativeLowAvail=false
2026-06-25 06:45:47.929  8792-8850  ANCService              com.example.caranc                   D  perf: block#777 fullLoop=5.16ms ema=1.58ms mode=normal lmsUpdates=0 probeCorrMs=0.00 nativeLowAvail=false
2026-06-25 06:45:47.932  8792-8850  ANCService              com.example.caranc                   D  perf: block#780 fullLoop=0.70ms ema=1.24ms mode=normal lmsUpdates=0 probeCorrMs=0.00 nativeLowAvail=false
2026-06-25 06:45:47.939  8792-8850  ANCService              com.example.caranc                   D  perf: block#785 fullLoop=4.01ms ema=1.45ms mode=normal lmsUpdates=0 probeCorrMs=0.00 nativeLowAvail=false
